   1              	# file: lab08p1a.s
   2              	# authors:  Justin Johnson, Tyler French
   3              	# Team: w4
   4              	
   5              	.include "macros.inc"
   1              	# file: macros.inc
   2              	
  34              	  .list
   6              	
   7              	  SET_TARGET
   8              	
   9              	  .text
  10              	
  11              	  FUNCTION main,global
  12              	
  13 0000 F0B5     	    push {r4,r5,r6,r7,lr}
  14              	
  15 0002 FFF7FEFF 	    bl gpio_c_init
  16 0006 FFF7FEFF 	    bl gpio_d_init
  17 000a FFF7FEFF 	    bl seg7_init
  18              	
  19              	    while:
  20 000e FFF7FEFF 	      bl sw_get_index
  21 0012 FFF7FEFF 	      bl led_put_index
  22              	
  23 0016 FFF7FEFF 	      bl sw_get_segments
  24 001a FFF7FEFF 	      bl led_put_segments
  25              	
  26 001e FFF7FEFF 	      bl sw_get_segments      //retrieve for param2
  27 0022 0146     	      mov r1,r0
  28              	      //mov r4,r0               //save param in r4
  29 0024 FFF7FEFF 	      bl sw_get_index         //retrieve for param1 & store in r0
  30              	                                                  //r0                r1
  31              	      //mov r1,r4               //set param2 as r1 (previously saved in r4)
  32 0028 FFF7FEFF 	      bl seg7_put             //void seg7put(unsigned int segid, unsigned int segments);
  33              	
  34 002c EFE7     	      b while
  35              	
  36              	    all_done:
  37              	    
  38 002e BDE8F040 	    pop {r4,r5,r6,r7,lr}
  39              	
  40 0032 7047     	    bx lr
  41              	  
  42              	  ENDFUNC main
  43              	
  44              	  .data
  45              	
  46              	
  47 0000 AAAAAAAA 	SEG7HEX:  .byte 0xaa,0xaa,0xaa,0xaa,0xaa,0xaa,0xaa,0xaa
  47      AAAAAAAA 
  48 0008 AAAAAAAA 	          .byte 0xaa,0xaa,0xaa,0xaa,0xaa,0xaa,0xaa,0xaa
  48      AAAAAAAA 
  49              	  .end
DEFINED SYMBOLS
                            *ABS*:00000001 ctxm4
      src/lab08p1b.s:11     .text:00000000 main
      src/lab08p1b.s:11     .text:00000000 $t
      src/lab08p1b.s:19     .text:0000000e while
      src/lab08p1b.s:36     .text:0000002e all_done
      src/lab08p1b.s:47     .data:00000000 SEG7HEX
                   .debug_aranges:0000000c $d

UNDEFINED SYMBOLS
gpio_c_init
gpio_d_init
seg7_init
sw_get_index
led_put_index
sw_get_segments
led_put_segments
seg7_put
