   1              	# file: lab05p2b.s
   2              	# team w4
   3              	# author: Justin Johnson, Tyler French
   4              	
   5              	.include "macros.inc"
   1              	# file: macros.inc
   2              	
  34              	  .list
   6              	
   7              	  SET_TARGET
   8              	
   9              	  .text
  10              	
  11              	  FUNCTION main,global
  12              	
  13 0000 F0B5     	    push {r4,r5,r6,r7,lr}
  14              	
  15 0002 044C     	    ldr  r4,=DS         //Establish addressability to r4
  16 0004 B4F80050 	    ldrh  r5,[r4,A-DS]  //Load label A into r5 as a short
  17 0008 D4F80460 	    ldr  r6,[r4,B-DS]   //Load label B into r6 as a word
  18              	
  19              	    all_done:
  20              	    
  21 000c BDE8F040 	    pop {r4,r5,r6,r7,lr}
  22              	
  23 0010 7047     	    bx lr
  24              	  
  25 0012 00000000 	  ENDFUNC main
  25      0000
  26              	
  27              	  .data
  28              	
  29              	      .align 2,0xaa
  30              	DS: 
  31              	      .align 1,0xaa
  32 0000 CDAB     	A:    .short 0xabcd
  33              	
  34 0002 AAAA     	      .align 2,0xaa
  35 0004 78563412 	B:    .word 0x12345678
  36              	
  37              	  .end
DEFINED SYMBOLS
                            *ABS*:00000001 ctxm4
      src/lab05p2b.s:11     .text:00000000 main
      src/lab05p2b.s:11     .text:00000000 $t
      src/lab05p2b.s:30     .data:00000000 DS
      src/lab05p2b.s:32     .data:00000000 A
      src/lab05p2b.s:35     .data:00000004 B
      src/lab05p2b.s:19     .text:0000000c all_done
      src/lab05p2b.s:25     .text:00000012 $d
      src/lab05p2b.s:29     .data:00000000 $d
                   .debug_aranges:0000000c $d

NO UNDEFINED SYMBOLS
